// Jest Snapshot v1, https://goo.gl/fbAQLP

exports[`Footer auth component renders correctly 1`] = `
<View
  style={
    Object {
      "height": 50,
      "marginBottom": 80,
      "marginTop": 20,
      "paddingHorizontal": 46,
      "width": "100%",
    }
  }
>
  <View
    accessible={true}
    focusable={true}
    onClick={[Function]}
    onResponderGrant={[Function]}
    onResponderMove={[Function]}
    onResponderRelease={[Function]}
    onResponderTerminate={[Function]}
    onResponderTerminationRequest={[Function]}
    onStartShouldSetResponder={[Function]}
    style={
      Object {
        "alignItems": "center",
        "backgroundColor": "#eb9e38",
        "borderRadius": 4,
        "flexBasis": 0,
        "flexDirection": "row",
        "flexGrow": 1,
        "flexShrink": 1,
        "height": "100%",
        "justifyContent": "center",
        "opacity": 1,
      }
    }
  >
    <ActivityIndicator
      animating={true}
      color="#fff"
      hidesWhenStopped={true}
      size="small"
    />
  </View>
</View>
`;
